
> mnemora@1.7.5 lint
> eslint . && cd renderer && eslint .


C:\Users\mhyah\OneDrive\Desktop\Digital Brain\0-Projects\Mnemora\codebase\main\desktop\tray.js
  213:14  warning  'fallbackError' is defined but never used  no-unused-vars

C:\Users\mhyah\OneDrive\Desktop\Digital Brain\0-Projects\Mnemora\codebase\main\features\meetings\meetingDetectionEngine.js
  201:17  warning  'detectionId' is assigned a value but never used. Allowed unused vars must match /^_/u  no-unused-vars

C:\Users\mhyah\OneDrive\Desktop\Digital Brain\0-Projects\Mnemora\codebase\main\infrastructure\runtime\process.js
  26:12  warning  'e' is defined but never used  no-unused-vars

C:\Users\mhyah\OneDrive\Desktop\Digital Brain\0-Projects\Mnemora\codebase\main\ipc\ipcHandlers.js
     3:7   warning  'fs' is assigned a value but never used. Allowed unused vars must match /^_/u                             no-unused-vars
     4:7   warning  'os' is assigned a value but never used. Allowed unused vars must match /^_/u                             no-unused-vars
     8:7   warning  'HyprlandShortcutManager' is assigned a value but never used. Allowed unused vars must match /^_/u        no-unused-vars
   117:7   warning  'dictationSileroEnabled' is assigned a value but never used. Allowed unused vars must match /^_/u         no-unused-vars
   118:7   warning  'noteRecordingSileroEnabled' is assigned a value but never used. Allowed unused vars must match /^_/u     no-unused-vars
   119:7   warning  'meetingSileroEnabled' is assigned a value but never used. Allowed unused vars must match /^_/u           no-unused-vars
   199:14  warning  '_' is defined but never used                                                                             no-unused-vars
   211:14  warning  '_' is defined but never used                                                                             no-unused-vars
   242:16  warning  '_' is defined but never used                                                                             no-unused-vars
  2372:11  warning  'MEETING_MIC_BLEED_LOOKBACK_MS' is assigned a value but never used. Allowed unused vars must match /^_/u  no-unused-vars
  2405:9   warning  'meetingLocalProvider' is assigned a value but never used. Allowed unused vars must match /^_/u           no-unused-vars
  2437:16  warning  '_' is defined but never used                                                                             no-unused-vars
  3517:16  warning  'error' is defined but never used                                                                         no-unused-vars
  3526:16  warning  'error' is defined but never used                                                                         no-unused-vars
  3878:26  warning  '_' is defined but never used                                                                             no-unused-vars
  4075:16  warning  '_' is defined but never used                                                                             no-unused-vars
  4287:18  warning  '_' is defined but never used                                                                             no-unused-vars
  4291:20  warning  '_' is defined but never used                                                                             no-unused-vars

C:\Users\mhyah\OneDrive\Desktop\Digital Brain\0-Projects\Mnemora\codebase\main\platform\kdeShortcut.js
  186:75  warning  'timestamp' is defined but never used. Allowed unused args must match /^_|^event|^err|^error/u  no-unused-vars

C:\Users\mhyah\OneDrive\Desktop\Digital Brain\0-Projects\Mnemora\codebase\main\platform\linuxPortalAudioManager.js
  342:18  warning  'error' is defined but never used  no-unused-vars

Γ£û 23 problems (0 errors, 23 warnings)

(node:19536) [MODULE_TYPELESS_PACKAGE_JSON] Warning: Module type of file:///C:/Users/mhyah/OneDrive/Desktop/Digital%20Brain/0-Projects/Mnemora/codebase/renderer/eslint.config.js?mtime=1784726483103 is not specified and it doesn't parse as CommonJS.
Reparsing as ES module because module syntax was detected. This incurs a performance overhead.
To eliminate this warning, add "type": "module" to \\?\C:\Users\mhyah\OneDrive\Desktop\Digital Brain\0-Projects\Mnemora\codebase\package.json.
(Use `node --trace-warnings ...` to show where the warning was created)

C:\Users\mhyah\OneDrive\Desktop\Digital Brain\0-Projects\Mnemora\codebase\renderer\features\onboarding\OnboardingFlow.tsx
  60:6  warning  React Hook useEffect has a missing dependency: 'loadModels'. Either include it or remove the dependency array  react-hooks/exhaustive-deps
  64:6  warning  React Hook useEffect has a missing dependency: 'settings'. Either include it or remove the dependency array    react-hooks/exhaustive-deps

C:\Users\mhyah\OneDrive\Desktop\Digital Brain\0-Projects\Mnemora\codebase\renderer\features\settings\SettingsPage.tsx
  151:6  warning  React Hook useCallback has a missing dependency: 'settings'. Either include it or remove the dependency array  react-hooks/exhaustive-deps

C:\Users\mhyah\OneDrive\Desktop\Digital Brain\0-Projects\Mnemora\codebase\renderer\features\settings\useSettings.ts
  32:6  warning  React Hook useEffect has a missing dependency: 'store'. Either include it or remove the dependency array  react-hooks/exhaustive-deps
  38:6  warning  React Hook useEffect has a missing dependency: 'store'. Either include it or remove the dependency array  react-hooks/exhaustive-deps

Γ£û 5 problems (0 errors, 5 warnings)

