
> mnemora@1.7.5 test
> cross-env ELECTRON_RUN_AS_NODE=1 electron --test "tests/**/*.test.js"

DATA_SAFETY_EVIDENCE={"sourceSchemaVersion":4,"destinationSchemaVersion":5,"legacyHashesBefore":{"transcriptions.db":"38da899fb12b8768ec8dcbc73bcf1c1d9d25df174a68c456812c1cdbf546e213","legacy-recording.webm":"be00ee52357bf71c4e81bb458a57c6c668a3e7772bb1be47dae4c730ce3ae7c8","legacy-export.txt":"0d823ce00409c838c6601fdd32c2e6c3476349888a78320100338ca23eb35779","legacy-backup.bin":"03dc587bb9410c29bf487ea593dbaf32181edb6b09ea39eaf92a619200a02530"},"legacyHashesAfter":{"transcriptions.db":"38da899fb12b8768ec8dcbc73bcf1c1d9d25df174a68c456812c1cdbf546e213","legacy-recording.webm":"be00ee52357bf71c4e81bb458a57c6c668a3e7772bb1be47dae4c730ce3ae7c8","legacy-export.txt":"0d823ce00409c838c6601fdd32c2e6c3476349888a78320100338ca23eb35779","legacy-backup.bin":"03dc587bb9410c29bf487ea593dbaf32181edb6b09ea39eaf92a619200a02530"},"beforeCounts":{"meetings":2,"recordings":2,"transcripts":2,"transcript_segments":2,"speaker_profiles":0,"speaker_mappings":0,"note_speaker_embeddings":0,"notes":2,"folders":2,"tags":1,"note_tags":1,"meeting_tags":1,"snippets":0,"attachments":1,"local_settings":1,"backups":1,"migration_journal":1,"semantic_index_state":1},"afterCounts":{"meetings":2,"recordings":2,"transcripts":2,"transcript_segments":2,"speaker_profiles":0,"speaker_mappings":0,"note_speaker_embeddings":0,"notes":2,"folders":2,"tags":1,"note_tags":1,"meeting_tags":1,"snippets":0,"attachments":1,"local_settings":1,"backups":2,"migration_journal":1,"semantic_index_state":1},"databaseSha256":"02b32ab7d1db949ba43531ab8430ea620f03e5bc6974d99033f4cd4c3d7e97ab","recordingSha256":"6f747ed886d6b9e852fd4e852e3637979f6be90f70bbcb7630f5799f576f5599","exportSha256":"148d36b43f1e927437f476753fe259ecd21f63788416db976ad2cffb0ce56ad4","backupSha256":"60ba21827786161b9a93b9986f889574d18d76e524cf278b269688650028f091","migrationBackupSha256":"2252666b5a9dd94a631be47301481c20b437d848e1602ff5c73fc912cdc1d83c","migrationStatus":"completed","foreignKeyViolations":0,"quickCheck":"ok"}
Γ£ö real SQLite and filesystem boundary preserves every disposable user-data class (858.6147ms)
Γ£ö portable data root relocation, relative path preservation, external divergence detection, and network-share boundaries (184.1369ms)
Γ£ö real SQLite native boundary enforces schema v5, WAL mode, foreign keys, and local tables (106.4366ms)
Γ£ö real SQLite boundary guarantees transaction atomicity and rollback on error (94.2373ms)
Γ£ö real SQLite boundary enforces foreign key constraints and cascading deletes (93.9759ms)
Γ£ö real FTS5 full-text search triggers and multilingual Unicode search across notes and transcripts (80.6519ms)
Γ£ö real SQLite migration journaling and pre-migration backup on disposable legacy copy (67.8843ms)
Γ£ö real SQLite WAL checkpointing and safe connection release (70.1899ms)
Γ£ö restore preserves rich clipboard formats atomically (4.3707ms)
Γ£ö restore runs when clipboard still contains the pasted text (5.7398ms)
Γ£ö restore is skipped when another clipboard write wins the race (1.3964ms)
Γ£ö pasteText waits for prior clipboard restoration before starting the next paste (11.0583ms)
Γ£ö pasteMacOS restores clipboard after the short macOS delay on successful fast paste (31.9203ms)
Γ£ö pasteMacOSWithOsascript fallback uses the short macOS restore delay (2.2318ms)
(node:18512) [MODULE_TYPELESS_PACKAGE_JSON] Warning: Module type of file:///C:/Users/mhyah/OneDrive/Desktop/Digital%20Brain/0-Projects/Mnemora/codebase/renderer/features/dictation/dictionaryEchoFilter.js is not specified and it doesn't parse as CommonJS.
Reparsing as ES module because module syntax was detected. This incurs a performance overhead.
To eliminate this warning, add "type": "module" to C:\Users\mhyah\OneDrive\Desktop\Digital Brain\0-Projects\Mnemora\codebase\package.json.
(Use `electron --trace-warnings ...` to show where the warning was created)
Γ£ö detects verbatim echo of dictionary prompt (45.6839ms)
Γ£ö detects echo when Whisper adds trailing period (0.8364ms)
Γ£ö detects echo with different capitalization (0.6855ms)
Γ£ö detects echo when Whisper strips commas (0.4013ms)
Γ£ö detects echo with extra whitespace (0.3632ms)
Γ£ö does not flag legitimate speech containing dictionary words (0.3513ms)
Γ£ö does not flag speech that partially overlaps with dictionary (0.4259ms)
Γ£ö returns false when dictionary prompt is null (0.3047ms)
Γ£ö returns false when text is null (0.3972ms)
Γ£ö returns false when both inputs are empty strings (0.5258ms)
Γ£ö handles single-word dictionary (0.3657ms)
Γ£ö handles unicode dictionary words with accents (0.441ms)
Γ£ö handles CJK dictionary words (1.7473ms)
Γ£ö detects repeated echo where Whisper loops the dictionary (0.3948ms)
Γ£ö detects echo with minor Whisper additions among dictionary words (0.3191ms)
Γ£ö does not flag completely unrelated text (0.2777ms)
(node:12040) [MODULE_TYPELESS_PACKAGE_JSON] Warning: Module type of file:///C:/Users/mhyah/OneDrive/Desktop/Digital%20Brain/0-Projects/Mnemora/codebase/renderer/features/dictation/discardedRecording.js is not specified and it doesn't parse as CommonJS.
Reparsing as ES module because module syntax was detected. This incurs a performance overhead.
To eliminate this warning, add "type": "module" to C:\Users\mhyah\OneDrive\Desktop\Digital Brain\0-Projects\Mnemora\codebase\package.json.
(Use `electron --trace-warnings ...` to show where the warning was created)
Γ£ö saves when all gates pass and duration >= threshold (28.1055ms)
Γ£ö does not save below the minimum duration (0.5433ms)
Γ£ö respects each gate (0.4621ms)
Γ£ö handles missing settings (0.5184ms)
Γ£ö parses a legacy single hotkey into a one-element list (3.7076ms)
Γ£ö parses a comma-separated list (0.2832ms)
Γ£ö trims whitespace around each hotkey (0.1873ms)
Γ£ö drops empty entries and de-duplicates, preserving order (0.319ms)
Γ£ö handles empty / nullish input (0.2063ms)
Γ£ö accepts an array and normalizes it (including nested comma strings) (0.2777ms)
Γ£ö serializes a list back to a canonical comma-separated string (0.2883ms)
Γ£ö round-trips parse -> serialize -> parse (0.1634ms)
Γ£ö keeps a legacy comma-key hotkey intact (the comma is the key, not a separator) (0.1873ms)
Γ£ö parses comma-key hotkeys inside a list (6.5638ms)
Γ£ö round-trips lists containing comma-key hotkeys (0.3473ms)
(node:21332) Warning: Accessing non-existent property 'app' of module exports inside circular dependency
(Use `electron --trace-warnings ...` to show where the warning was created)
[ERROR] ERROR: Failed to register hotkey {
  "error": "Control+BAD",
  "reason": "registration_failed",
  "message": "Could not register \"Control+BAD\". It may be in use by another application.",
  "suggestions": [
    "Control+Super",
    "Control+Alt",
    "Control+Shift+K"
  ]
} hotkey
[ERROR] ERROR: Failed to register hotkey {
  "error": "Control+BAD",
  "reason": "registration_failed",
  "message": "Could not register \"Control+BAD\". It may be in use by another application.",
  "suggestions": [
    "Control+Super",
    "Control+Alt",
    "Control+Shift+K"
  ]
} hotkey
Γ£ö atomic registerSlot failure keeps the slot's previous working hotkeys (18.4782ms)
Γ£ö non-atomic registerSlot keeps the working subset and reports failures (8.2671ms)
Γ£ö re-registering a slot replaces its previous accelerators (1.702ms)
(node:27388) [MODULE_TYPELESS_PACKAGE_JSON] Warning: Module type of file:///C:/Users/mhyah/OneDrive/Desktop/Digital%20Brain/0-Projects/Mnemora/codebase/renderer/features/dictation/localSpeechGate.js is not specified and it doesn't parse as CommonJS.
Reparsing as ES module because module syntax was detected. This incurs a performance overhead.
To eliminate this warning, add "type": "module" to C:\Users\mhyah\OneDrive\Desktop\Digital Brain\0-Projects\Mnemora\codebase\package.json.
(Use `electron --trace-warnings ...` to show where the warning was created)
Γ£ö fails open when no windows were recorded (18.4044ms)
Γ£ö treats near silence as skippable (1.0642ms)
Γ£ö rejects isolated noise bursts without sustained speech (0.5434ms)
Γ£ö allows sustained speech-like energy through (0.5285ms)
(node:28732) [MODULE_TYPELESS_PACKAGE_JSON] Warning: Module type of file:///C:/Users/mhyah/OneDrive/Desktop/Digital%20Brain/0-Projects/Mnemora/codebase/renderer/features/dictation/micTrackHealth.js is not specified and it doesn't parse as CommonJS.
Reparsing as ES module because module syntax was detected. This incurs a performance overhead.
To eliminate this warning, add "type": "module" to C:\Users\mhyah\OneDrive\Desktop\Digital Brain\0-Projects\Mnemora\codebase\package.json.
(Use `electron --trace-warnings ...` to show where the warning was created)
Γ£ö resolves false immediately for an ended track (14.6897ms)
Γ£ö resolves false immediately for a null track (0.5344ms)
Γ£ö resolves true immediately for an unmuted live track (0.4118ms)
Γ£ö resolves true when a muted track fires unmute, with no listener leak (1.4673ms)
Γ£ö resolves false when a muted track fires ended, with no listener leak (0.5698ms)
Γ£ö resolves false after timeout when a muted track never changes (1.4041ms)
Γ£ö resolves true after timeout if the track quietly unmuted without firing (0.5107ms)
Γ£ö reacquireIfDead returns the original stream and never retries a healthy track (1.2267ms)
Γ£ö reacquireIfDead returns the original stream for a trackless stream (0.6814ms)
Γ£ö reacquireIfDead re-acquires once and stops the dead stream (1.7786ms)
Γ£ö reacquireIfDead falls back to the original stream when the retry fails (1.2155ms)
(node:21608) [MODULE_TYPELESS_PACKAGE_JSON] Warning: Module type of file:///C:/Users/mhyah/OneDrive/Desktop/Digital%20Brain/0-Projects/Mnemora/codebase/renderer/features/dictation/recordingGuard.js is not specified and it doesn't parse as CommonJS.
Reparsing as ES module because module syntax was detected. This incurs a performance overhead.
To eliminate this warning, add "type": "module" to C:\Users\mhyah\OneDrive\Desktop\Digital Brain\0-Projects\Mnemora\codebase\package.json.
(Use `electron --trace-warnings ...` to show where the warning was created)
Γ£ö flags an empty WebM container (issue #864 double-trigger, ~110 bytes) (30.2688ms)
Γ£ö flags a zero-byte blob (0.7534ms)
Γ£ö flags 255 bytes (just under the threshold) (0.5465ms)
Γ£ö allows exactly 256 bytes (boundary) (0.4969ms)
Γ£ö allows a short real utterance with real audio bytes (no silent data loss) (0.4317ms)
Γ£ö allows a normal full-length recording (0.3825ms)
Γ£ö treats missing / null / NaN size as empty (defensive) (0.36ms)
Γ£ö MIN_AUDIO_BYTES is 256 (0.3392ms)
(node:912) [MODULE_TYPELESS_PACKAGE_JSON] Warning: Module type of file:///C:/Users/mhyah/OneDrive/Desktop/Digital%20Brain/0-Projects/Mnemora/codebase/renderer/features/dictation/recordingValidation.js is not specified and it doesn't parse as CommonJS.
Reparsing as ES module because module syntax was detected. This incurs a performance overhead.
To eliminate this warning, add "type": "module" to C:\Users\mhyah\OneDrive\Desktop\Digital Brain\0-Projects\Mnemora\codebase\package.json.
(Use `electron --trace-warnings ...` to show where the warning was created)
Γ£ö allows a recording with audio frames and a real-sized blob (19.4359ms)
Γ£ö rejects when no audio chunk was ever delivered (issue #871 cold start) (0.5384ms)
Γ£ö rejects a header-only ~110 byte blob even when a chunk arrived (0.4143ms)
Γ£ö allows exactly 256 bytes (boundary, mirrors MIN_AUDIO_BYTES) (0.3869ms)
Γ£ö rejects 255 bytes (just under the threshold) (0.3539ms)
Γ£ö treats missing / undefined args as unusable (defensive, does not throw) (0.3682ms)
Γ£ö prepend: adds space after a regular letter (2.3839ms)
Γ£ö prepend: adds space after a digit (0.3167ms)
Γ£ö prepend: no space at field start (empty precedingChar) (0.24ms)
Γ£ö prepend: no space when precedingChar is null/undefined (0.2487ms)
Γ£ö prepend: no space after existing whitespace (0.1723ms)
Γ£ö prepend: no space after opening brackets (0.1836ms)
Γ£ö prepend: no space after opening quotes (0.1653ms)
Γ£ö prepend: no space when transcript already starts with whitespace (0.1407ms)
Γ£ö prepend: no space when transcript starts with closing punctuation (0.1761ms)
Γ£ö prepend: adds space when preceding char is sentence punctuation (no space yet) (0.2227ms)
Γ£ö prepend: no space when preceding is whitespace, even after period+space sequence (0.3924ms)
Γ£ö prepend: handles unicode preceding chars (0.1921ms)
Γ£ö prepend: handles empty transcript (0.1795ms)
Γ£ö append: adds trailing space to normal text (0.2723ms)
Γ£ö append: adds trailing space after punctuation (0.2527ms)
Γ£ö append: does not double-up when text already ends with whitespace (0.2218ms)
Γ£ö append: handles empty transcript (0.1093ms)
Γ£ö returns text unchanged for unknown mode (0.1292ms)
Γ£ö returns text unchanged for non-string input (0.1086ms)
Γ£ö integration: typical dictation flow (0.1792ms)
(node:23596) [MODULE_TYPELESS_PACKAGE_JSON] Warning: Module type of file:///C:/Users/mhyah/OneDrive/Desktop/Digital%20Brain/0-Projects/Mnemora/codebase/renderer/features/dictation/staleMicDevice.js is not specified and it doesn't parse as CommonJS.
Reparsing as ES module because module syntax was detected. This incurs a performance overhead.
To eliminate this warning, add "type": "module" to C:\Users\mhyah\OneDrive\Desktop\Digital Brain\0-Projects\Mnemora\codebase\package.json.
(Use `electron --trace-warnings ...` to show where the warning was created)
Γ£ö treats an OverconstrainedError on deviceId as a stale device (22.48ms)
Γ£ö treats an OverconstrainedError with an empty constraint as a stale device (1.9136ms)
Γ£ö treats an OverconstrainedError with no constraint property as a stale device (0.4331ms)
Γ£ö does not treat an OverconstrainedError on a non-deviceId constraint as stale (0.4188ms)
Γ£ö reads constraint from a getter without throwing (0.6428ms)
Γ£ö returns false for NotFoundError (0.5074ms)
Γ£ö returns false for NotAllowedError (0.6272ms)
Γ£ö returns false for NotReadableError (mic in use) (1.8719ms)
Γ£ö returns false for a generic Error (0.6063ms)
Γ£ö returns false for an object without a name (1.0087ms)
Γ£ö returns false for null (0.379ms)
Γ£ö returns false for undefined (0.4173ms)
Γ£ö getPrecedingChar resolves to unknown for missing pid (4.2442ms)
Γ£ö getPrecedingChar returns unknown when the AX read fails or hangs (0.4165ms)
Γ£ö activateTargetPid resolves false when no target PID was captured (0.3131ms)
Γ£ö activateTargetPid resolves false for an unmapped PID (0.2364ms)
∩╣ú startMonitoring stops immediately without a target PID (0.1686ms) # SKIP
∩╣ú startMonitoring self-terminates when the target has no accessible focused element (0.1261ms) # SKIP
Γ£ö shouldSuppressMicSegment keeps bleed evidence even when share stays below render-bleed gate (3.0472ms)
Γ£ö defers entries whose holdback has not elapsed without evaluating them (14.7187ms)
Γ£ö entries due exactly at now are evaluated, not re-deferred (0.3957ms)
Γ£ö force flush evaluates entries still inside the holdback window (0.271ms)
Γ£ö force flush still drops confirmed duplicates (meeting-stop path) (0.3818ms)
Γ£ö drops entries only when the transcript matcher confirms a duplicate (0.4715ms)
Γ£ö regression: bleed-flagged speech without a transcript match is released, not dropped (0.3505ms)
Γ£ö bleed-flagged speech that matches a system transcript is still dropped (0.2082ms)
Γ£ö preserves queue order within each partition (0.2147ms)
Γ£ö handles an empty queue (0.2222ms)
Γ£ö retract window matches on capture timestamps for segments committed on arrival (0.581ms)
Γ£ö regression: late confirmation races commit time for held-back segments (0.2525ms)
Γ£ö commit-time race never matches system transcripts from before the segment was spoken (0.1522ms)
Γ£ö segments without a commit time fall back to the capture window only (0.1318ms)
Γ£ö transcriptsOverlap matches near-duplicate meeting transcripts (3.6808ms)
Γ£ö transcriptsOverlap stays conservative for short generic fragments (0.4203ms)
Γ£ö transcriptsLooselyOverlap catches chunk-boundary paraphrases without matching filler (0.4296ms)
Γ£ö skips migration if new location is not empty (18.2851ms)
Γ£ö skips migration if legacy data doesn't exist (3.4907ms)
Γ£ö copies verified legacy files atomically and records an idempotent journal (123.9998ms)
Γ£ö an interrupted copy leaves no partial destination and retries safely (104.549ms)
Γ£ö verified backup round-trips the database and optional audio with a pre-restore snapshot (615.1421ms)
Γ£ö preview rejects checksum corruption and path traversal before restore (188.0304ms)
Γ£ö fresh schema supports local graphs, Unicode search, tags, settings, and cascades (84.3835ms)
Γ£ö legacy adoption is backed up, transactional, lossless, and restart-idempotent (283.0355ms)
Γ£ö a failed ordered migration rolls back its schema version and destructive cleanup (85.3751ms)
Γ£ö cleanup closes the database without deleting user data (50.8241ms)
Γ£ö a newer database is rejected before the older app mutates it (46.3408ms)
Γ£ö snippets trim, dedupe, update, and retain their local identity (74.9392ms)
Γ£ö snippet removals delete local records without cloud tombstones (47.6861ms)
Γ£ö local snippets persist after reopening and do not inherit the remote trigger cap (58.5184ms)
Γ£ö notes, folders, and transcription history use direct local persistence (45.9174ms)
∩╣ú never disables the Chromium sandbox (1.7382ms) # SKIP
∩╣ú orders the XWayland flag and flags-file entries before user args (0.1928ms) # SKIP
Γ£ö rejects executable names that could break out of the generated script (0.7649ms)
[WARN] [HotkeyManager] Hotkey "Control+Shift+R" conflicts with slot "dictation"
Γ£ö tap mode watches modifier-only hotkeys for every slot (5.9913ms)
Γ£ö regular key hotkeys are left to globalShortcut in tap mode (0.6336ms)
Γ£ö push mode watches the dictation key even when it is a regular key (0.4798ms)
Γ£ö push mode does not push-enable non-dictation slots (0.3288ms)
Γ£ö right-side modifiers use the native listener; globe/empty slots do not (0.3357ms)
Γ£ö a multi-hotkey slot watches each native hotkey but leaves regular keys to globalShortcut (0.2198ms)
Γ£ö push mode watches every dictation hotkey, including regular keys (0.3165ms)
Γ£ö membership and lookup helpers work across multi-hotkey slots (0.6032ms)
Γ£ö _findSlotConflict detects a hotkey already bound to another slot's list (9.616ms)
Γ£ö semantic document text includes normalized meeting transcript edits (5.371ms)
Γ£ö semantic text chunking is bounded, overlapping, and lossless at the edges (0.6262ms)
Γ£ö preload exposes local transcription without remote or arbitrary URL bridges (8.1765ms)
Γ£ö main IPC keeps retry and live capture on local Whisper (5.0442ms)
Γ£ö Whisper server cannot switch away from loopback (1.4289ms)
Γ£ö runtime URL policy permits only local schemes and exact loopback hosts (6.953ms)
Γ£ö session policy cancels external requests and observes external redirects (2.3742ms)
Γ£ö expands a trigger containing Turkish capital ─░ (5.501ms)
Γ£ö ─░ trigger matches every casing the transcript may use (0.9954ms)
Γ£ö lowercase trigger matches capital ─░ in the transcript (0.3113ms)
Γ£ö dotless ─▒ trigger matches capital I in the transcript (1.9378ms)
Γ£ö trigger saved with capital I matches both Turkish and English readings (1.9941ms)
Γ£ö all-caps English trigger with capital I still matches (2.3783ms)
Γ£ö decomposed ─░ (capital I + combining dot above) still matches (0.5046ms)
Γ£ö ─░ still respects word boundaries (0.2991ms)
Γ£ö plain ASCII triggers still fold case both ways (1.0744ms)
Γ£ö multiple occurrences and unmatched text are preserved (0.4053ms)
Γ£ö extractArchive extracts a valid ZIP without platform shell tools (235.9433ms)
Γ£ö extractArchive rejects ZIP path traversal before writing any entry (59.1582ms)
Γ£ö extractArchive rejects corrupt ZIP data (62.8818ms)
Γ£ö archive path validation rejects absolute, parent, drive, UNC, and NUL paths (0.5352ms)
Γ£ö model-pack validation checks required files and supplied SHA-256 manifest (63.008ms)
Γ£ö buildWhisperServerArgs includes VAD flags when enabled and model path provided (4.5423ms)
Γ£ö buildWhisperServerArgs omits VAD flags when vadModelPath is missing (0.4037ms)
Γ£ö buildWhisperServerArgs includes thread count when provided (0.2896ms)
Γ£ö resolveWhisperThreads keeps whisper.cpp default on small machines (0.5657ms)
Γ£ö resolveWhisperThreads auto-selects a conservative count (0.3344ms)
Γ£ö resolveWhisperThreads caps automatic and manual thread counts (0.2803ms)
Γ£ö resolveWhisperThreads lets explicit options override env and auto (0.3126ms)
Γ£ö resolveWhisperThreads falls back safely when env override is invalid (0.2533ms)
Γ£ö getVadSignature changes when VAD settings or model path change (0.7072ms)
Γ£ö sanitizeWhisperVadConfig applies defaults and clamps invalid values (26.1884ms)
Γ£ö resolveContextSileroEnabled prefers context value then falls back to true (0.593ms)
Γ£ö re-warms a running local CUDA whisper-server after wake (1.6083ms)
Γ£ö skips CPU whisper-server (model survives sleep in RAM) (0.2005ms)
Γ£ö skips when no server model is active (0.1937ms)
Γ£ö skips while a transcription is already warming the server (0.2373ms)
Γ£ö skips while another wake re-warm is already in flight (0.1894ms)
Γä╣ tests 197
Γä╣ suites 0
Γä╣ pass 193
Γä╣ fail 0
Γä╣ cancelled 0
Γä╣ skipped 4
Γä╣ todo 0
Γä╣ duration_ms 1859.5292
